feed/rdf/
feed/atom/
readme.html
wp-includes/wlwmanifest.xml
wp-login.php
xmlrpc.php
wp-content/themes/twentyeleven/style.css
wp-admin/js/about.js
wp-content/themes/default/style.css
wp-admin/css/install.css
wp-includes/css/media-views-rtl.min.css
wp-admin/js/theme.min.js
wp-includes/js/tinymce/plugins/spellchecker/changelog.txt
wp-includes/js/tinymce/tiny_mce.js
wp-content/themes/twentyten/style.css
wp-content/themes/twentythirteen/style.css
wp-includes/js/tinymce/plugins/wpeditimage/
editor_plugin.js
wp-admin/wp-admin.css
wp-includes/js/plupload/changelog.txt
wp-admin/js/comment.js
sitemap.xml
wp-links-opml.php
wp-admin/admin-ajax.php
wp-admin/admin-post.php
wp-admin/update.php
xmlrpc.php
index.php/wp-json/wp/v2
wp-content/themes/twentyeleven/style.css
wp-layout.css
layout2b.css
wp-admin/css/install-rtl.css
wp-admin/css/install.css
wp-admin/css/wp-admin-rtl.min.css
wp-admin/css/wp-admin.min.css
wp-admin/js/about.js
wp-admin/js/theme.min.js
wp-admin/wp-admin.css
wp-content/themes/default/style.css
wp-includes/css/buttons.css
wp-includes/js/tinymce/tiny_mce.js
wp-includes/wlwmanifest.xml
wp-login.php
